../Core/Src/main.c:79:5:main	1
../Core/Src/main.c:138:6:SystemClock_Config	4
../Core/Src/main.c:192:13:MX_ADC1_Init	6
../Core/Src/main.c:274:13:MX_TIM1_Init	7
../Core/Src/main.c:348:13:MX_TIM2_Init	4
../Core/Src/main.c:393:13:MX_TIM6_Init	3
../Core/Src/main.c:430:13:MX_DMA_Init	1
../Core/Src/main.c:448:13:MX_GPIO_Init	1
../Core/Src/main.c:498:6:HAL_TIM_PeriodElapsedCallback	3
../Core/Src/main.c:514:6:HAL_ADC_LevelOutOfWindowCallback	3
../Core/Src/main.c:522:6:HAL_TIM_OC_DelayElapsedCallback	3
../Core/Src/main.c:538:6:Error_Handler	1
