../Core/Src/main.c:80:5:main	1
../Core/Src/main.c:133:6:SystemClock_Config	4
../Core/Src/main.c:187:13:MX_ADC1_Init	6
../Core/Src/main.c:269:13:MX_TIM1_Init	7
../Core/Src/main.c:343:13:MX_TIM2_Init	4
../Core/Src/main.c:388:13:MX_TIM6_Init	3
../Core/Src/main.c:424:13:MX_DMA_Init	1
../Core/Src/main.c:442:13:MX_GPIO_Init	1
../Core/Src/main.c:492:6:HAL_TIM_PeriodElapsedCallback	3
../Core/Src/main.c:507:6:HAL_ADC_LevelOutOfWindowCallback	3
../Core/Src/main.c:515:6:HAL_TIM_OC_DelayElapsedCallback	3
../Core/Src/main.c:530:6:Error_Handler	1
