../Core/Src/main.c:79:5:main	8	static
../Core/Src/main.c:138:6:SystemClock_Config	88	static
../Core/Src/main.c:192:13:MX_ADC1_Init	24	static
../Core/Src/main.c:274:13:MX_TIM1_Init	96	static
../Core/Src/main.c:348:13:MX_TIM2_Init	32	static
../Core/Src/main.c:393:13:MX_TIM6_Init	16	static
../Core/Src/main.c:430:13:MX_DMA_Init	16	static
../Core/Src/main.c:448:13:MX_GPIO_Init	48	static
../Core/Src/main.c:498:6:HAL_TIM_PeriodElapsedCallback	16	static
../Core/Src/main.c:514:6:HAL_ADC_LevelOutOfWindowCallback	16	static
../Core/Src/main.c:522:6:HAL_TIM_OC_DelayElapsedCallback	16	static
../Core/Src/main.c:538:6:Error_Handler	4	static,ignoring_inline_asm
